[2026-08-21 20:42:41] [INFO] [StockAIScreener]: Database initialized at /Users/bandipurushowtham/stock pred2/data/stock_screener.db
[2026-08-21 20:42:41] [INFO] [StockAIScreener]: Generating 350 synthetic historical trade records for ML initialization...
[2026-08-21 20:42:42] [INFO] [StockAIScreener]: Model Training Complete! Accuracy: 82.08%, ROC-AUC: 0.71, Raw Win Rate: 78.3%, AI Win Rate: 82.5%
[2026-08-21 20:42:42] [INFO] [StockAIScreener]: Loaded trained ML model from /Users/bandipurushowtham/stock pred2/data/models/random_forest_crossover.joblib
[2026-08-21 20:44:19] [INFO] [StockAIScreener]: Database initialized at /Users/bandipurushowtham/stock pred2/data/stock_screener.db
[2026-08-21 20:44:42] [INFO] [StockAIScreener]: Database initialized at /Users/bandipurushowtham/stock pred2/data/stock_screener.db
[2026-08-21 20:44:46] [INFO] [StockAIScreener]: ============================================================
[2026-08-21 20:44:46] [INFO] [StockAIScreener]: Starting AI/ML Stock Market Screening & Analysis System
[2026-08-21 20:44:46] [INFO] [StockAIScreener]: ============================================================
[2026-08-21 20:44:49] [INFO] [StockAIScreener]: Initializing broker client: FYERS
[2026-08-21 20:44:49] [ERROR] [StockAIScreener]: Failed to connect Fyers WebSocket: FyersDataSocket.__init__() got an unexpected keyword argument 'ltype'
[2026-08-21 20:44:49] [WARNING] [StockAIScreener]: Fyers connection failed. Falling back to MockBrokerClient.
[2026-08-21 20:44:49] [INFO] [StockAIScreener]: Connecting to Mock Market Feed...
[2026-08-21 20:44:49] [INFO] [StockAIScreener]: Mock Market Feed connected successfully.
[2026-08-21 20:44:49] [INFO] [StockAIScreener]: Subscribed to 15 symbols in Mock Feed.
[2026-08-21 20:44:50] [INFO] [StockAIScreener]: Model Training Complete! Accuracy: 82.08%, ROC-AUC: 0.71, Raw Win Rate: 78.3%, AI Win Rate: 82.5%
[2026-08-21 20:44:50] [INFO] [StockAIScreener]: Dashboard GUI running with 15 active symbols.
[2026-08-21 20:58:19] [INFO] [StockAIScreener]: Disconnecting Mock Market Feed...
[2026-08-21 20:58:20] [INFO] [StockAIScreener]: Application exited cleanly.
[2026-08-25 21:04:55] [INFO] [StockAIScreener]: Database initialized at /Users/bandipurushowtham/stock pred2/data/stock_screener.db
[2026-08-25 21:05:03] [INFO] [StockAIScreener]: ============================================================
[2026-08-25 21:05:03] [INFO] [StockAIScreener]: Starting AI/ML Stock Market Screening & Analysis System
[2026-08-25 21:05:03] [INFO] [StockAIScreener]: ============================================================
[2026-08-25 21:05:04] [INFO] [StockAIScreener]: Initializing broker client: FYERS
[2026-08-25 21:05:04] [ERROR] [StockAIScreener]: Failed to connect Fyers WebSocket: FyersDataSocket.__init__() got an unexpected keyword argument 'ltype'
[2026-08-25 21:05:04] [WARNING] [StockAIScreener]: Fyers connection failed. Falling back to MockBrokerClient.
[2026-08-25 21:05:04] [INFO] [StockAIScreener]: Connecting to Mock Market Feed...
[2026-08-25 21:05:04] [INFO] [StockAIScreener]: Mock Market Feed connected successfully.
[2026-08-25 21:05:04] [INFO] [StockAIScreener]: Subscribed to 15 symbols in Mock Feed.
[2026-08-25 21:05:05] [INFO] [StockAIScreener]: Model Training Complete! Accuracy: 82.08%, ROC-AUC: 0.71, Raw Win Rate: 78.3%, AI Win Rate: 82.5%
[2026-08-25 21:05:06] [INFO] [StockAIScreener]: Dashboard GUI running with 15 active symbols.
[2026-08-25 21:32:58] [INFO] [StockAIScreener]: Model Training Complete! Accuracy: 82.08%, ROC-AUC: 0.71, Raw Win Rate: 78.3%, AI Win Rate: 82.5%
[2026-08-25 21:32:59] [INFO] [StockAIScreener]: Model Training Complete! Accuracy: 82.08%, ROC-AUC: 0.71, Raw Win Rate: 78.3%, AI Win Rate: 82.5%
[2026-08-25 21:44:23] [INFO] [StockAIScreener]: Database initialized at /Users/bandipurushowtham/stock-pred2/data/stock_screener.db
[2026-08-25 21:44:28] [INFO] [StockAIScreener]: ============================================================
[2026-08-25 21:44:28] [INFO] [StockAIScreener]: Starting AI/ML Stock Market Screening & Analysis System
[2026-08-25 21:44:28] [INFO] [StockAIScreener]: ============================================================
[2026-08-25 21:44:29] [INFO] [StockAIScreener]: Initializing broker client: FYERS
[2026-08-25 21:44:29] [ERROR] [StockAIScreener]: Failed to connect Fyers WebSocket: FyersDataSocket.__init__() got an unexpected keyword argument 'ltype'
[2026-08-25 21:44:29] [WARNING] [StockAIScreener]: Fyers connection failed. Falling back to MockBrokerClient.
[2026-08-25 21:44:29] [INFO] [StockAIScreener]: Connecting to Mock Market Feed...
[2026-08-25 21:44:29] [INFO] [StockAIScreener]: Mock Market Feed connected successfully.
[2026-08-25 21:44:29] [INFO] [StockAIScreener]: Subscribed to 15 symbols in Mock Feed.
[2026-08-25 21:44:30] [INFO] [StockAIScreener]: Model Training Complete! Accuracy: 82.08%, ROC-AUC: 0.71, Raw Win Rate: 78.3%, AI Win Rate: 82.5%
[2026-08-25 21:44:30] [INFO] [StockAIScreener]: Dashboard GUI running with 15 active symbols.
